// Jest Snapshot v1, https://goo.gl/fbAQLP

exports[`expect to render Avatar component 1`] = `ShallowWrapper {}`;
