// Jest Snapshot v1, https://goo.gl/fbAQLP

exports[`expect to render DetailPage component 1`] = `ShallowWrapper {}`;
