// Jest Snapshot v1, https://goo.gl/fbAQLP

exports[`expect to render InfoBox component 1`] = `ShallowWrapper {}`;
