// Jest Snapshot v1, https://goo.gl/fbAQLP

exports[`expect to render Navbar component 1`] = `ShallowWrapper {}`;
